{
  "schema": "Settings",
  "strategy": null,
  "sources": [
    {
      "index": 0,
      "file_path": "sources/config.json",
      "loader_type": "json",
      "raw_data": {
        "db": {
          "host": "<REDACTED>",
          "port": "<REDACTED>"
        }
      }
    }
  ],
  "field_origins": [
    {
      "key": "db",
      "value": {
        "host": "<REDACTED>",
        "port": "<REDACTED>"
      },
      "source_index": 0,
      "source_file": "sources/config.json",
      "source_loader_type": "json"
    }
  ],
  "merged_data": {
    "db": {
      "host": "<REDACTED>",
      "port": "<REDACTED>"
    }
  }
}
